// Jest Snapshot v1, https://goo.gl/fbAQLP

exports[`<Main /> should render the heading 1`] = `
<main
  class="sc-bczRLJ hDLnYd"
>
  <img
    alt="Imagem de um átomo e React Avançado escrito ao lado."
    class="sc-gsnTZi kvwMCt"
    src="/img/logo.svg"
  />
  <h1
    class="sc-dkzDqf foeBRO"
  >
    React Avançado
  </h1>
  <h2
    class="sc-hKMtZM cSciPX"
  >
    TypeScript, ReactJS, NextJS e Styled Components
  </h2>
  <img
    alt="Um desenvolvedor de frente para uma tela com código."
    class="sc-eCYdqJ gYILMK"
    src="/img/hero-illustration.svg"
  />
</main>
`
